[backblue.gif]
[fade.gif]
[index.html]
[ninja-checker.herokuapp.com/logo.png]
[ninja-checker.herokuapp.com/arquivos/jquery.min.js]
[ninja-checker.herokuapp.com/image/17580.jpg]
[ninja-checker.herokuapp.com/arquivos/popper.min.js]
[ninja-checker.herokuapp.com/arquivos/bootstrap.min.js]
[ninja-checker.herokuapp.com/arquivos/jquery.cookie.js]
[ninja-checker.herokuapp.com/arquivos/Chart.min.js]
[ninja-checker.herokuapp.com/arquivos/jquery.validate.min.js]
[ninja-checker.herokuapp.com/arquivos/charts-home.js]
[ninja-checker.herokuapp.com/arquivos/messenger-theme-flat.js]
[ninja-checker.herokuapp.com/arquivos/home-premium.js]
[ninja-checker.herokuapp.com/arquivos/front.js]
[ninja-checker.herokuapp.com/checker.html]
[ninja-checker.herokuapp.com/arquivos/bootstrap.min.css]
[ninja-checker.herokuapp.com/arquivos/font-awesome.min.css]
[ninja-checker.herokuapp.com/arquivos/fontastic.css]
[ninja-checker.herokuapp.com/arquivos/css.html]
[ninja-checker.herokuapp.com/arquivos/style.default.premium.css]
[ninja-checker.herokuapp.com/arquivos/custom.css]
[ninja-checker.herokuapp.com/blop.html]
[ninja-checker.herokuapp.com/About.html]
[ajax.googleapis.com/ajax/libs/jquery/1.3.2/jquery.js]
[ninja-checker.herokuapp.com/assets/js/core/jquery.min.js]
[ninja-checker.herokuapp.com/assets/js/core/popper.min.js]
[ninja-checker.herokuapp.com/assets/js/core/bootstrap.min.js]
[ninja-checker.herokuapp.com/assets/js/plugins/chartjs.min.js]
[ninja-checker.herokuapp.com/assets/js/plugins/bootstrap-notify.js]
[ninja-checker.herokuapp.com/assets/js/black-dashboard.mine209.js]
[ninja-checker.herokuapp.com/assets/demo/demo.js]
[cdn.trackjs.com/agent/v3/latest/t.js]
[cdnjs.cloudflare.com/ajax/libs/jquery/3.3.1/jquery.min.js]
[cdnjs.cloudflare.com/ajax/libs/popper.js/1.14.4/umd/popper.min.js]
[cdnjs.cloudflare.com/ajax/libs/twitter-bootstrap/4.1.3/js/bootstrap.min.js]
[ninja-checker.herokuapp.com/skcheck.html]
[ninja-checker.herokuapp.com/skgen.html]
[cdnjs.cloudflare.com/ajax/libs/mdbootstrap/4.5.11/js/mdb.min.js]
[www.google-analytics.com/analytics.js]
[ninja-checker.herokuapp.com/CCGen.html]
[ninja-checker.herokuapp.com/arquivos/jquery.min.html]
[ninja-checker.herokuapp.com/img/multiselect-switch.html]
[ninja-checker.herokuapp.com/img/bg.html]
[ninja-checker.herokuapp.com/about-2.html]
[ninja-checker.herokuapp.com/Ninja.html]
[resources.infolinks.com/js/infolinks_main.js]
[ninja-checker.herokuapp.com/img/wave.png]
[kit.fontawesome.com/a81368914c.js]
[ninja-checker.herokuapp.com/index.html]
[ninja-checker.herokuapp.com/edge/index.html]
[ninja-checker.herokuapp.com/images/logo1f44.html]
[ninja-checker.herokuapp.com/css/style.css]
[ninja-checker.herokuapp.com/img/bg.svg]
[ninja-checker.herokuapp.com/img/avatar.svg]
[ninja-checker.herokuapp.com/Register.html]
[ninja-checker.herokuapp.com/js/main.html]
[ninja-checker.herokuapp.com/login.html]
